[munich.qodeinteractive.com/divided-slider/index.html]
[backblue.gif]
[fade.gif]
[index.html]
[munich.qodeinteractive.com/wp-content/plugins/instagram-feed/css/sbi-styles.mind42d.css]
[munich.qodeinteractive.com/wp-content/plugins/munich-core/inc/icons/dripicons/assets/css/dripicons.min6c2d.css]
[munich.qodeinteractive.com/wp-content/plugins/munich-core/inc/icons/elegant-icons/assets/css/elegant-icons.min6c2d.css]
[munich.qodeinteractive.com/wp-content/plugins/munich-core/inc/icons/fontkiko/assets/css/kiko-all.min6c2d.css]
[munich.qodeinteractive.com/wp-content/plugins/munich-core/inc/icons/font-awesome/assets/css/all.min6c2d.css]
[munich.qodeinteractive.com/wp-content/plugins/munich-core/inc/icons/ionicons/assets/css/ionicons.min6c2d.css]
[munich.qodeinteractive.com/wp-content/plugins/munich-core/inc/icons/linea-icons/assets/css/linea-icons.min6c2d.css]
[munich.qodeinteractive.com/wp-content/plugins/munich-core/inc/icons/linear-icons/assets/css/linear-icons.min6c2d.css]
[munich.qodeinteractive.com/wp-includes/css/dist/block-library/style.min6c2d.css]
[munich.qodeinteractive.com/wp-content/plugins/woocommerce/packages/woocommerce-blocks/build/wc-blocks-vendors-style2ff6.css]
[munich.qodeinteractive.com/wp-content/plugins/munich-core/inc/icons/simple-line-icons/assets/css/simple-line-icons.min6c2d.css]
[munich.qodeinteractive.com/wp-content/plugins/woocommerce/packages/woocommerce-blocks/build/wc-blocks-style2ff6.css]
[munich.qodeinteractive.com/wp-content/plugins/contact-form-7/includes/css/styles77e1.css]
[munich.qodeinteractive.com/wp-content/plugins/custom-twitter-feeds/css/ctf-styles.minb95e.css]
[export.qodethemes.com/_toolbar/assets/css/rbt-modules6c2d.css]
[munich.qodeinteractive.com/wp-content/plugins/qi-addons-for-elementor/assets/plugins/swiper/swiper.min6c2d.css]
[munich.qodeinteractive.com/wp-content/plugins/qi-addons-for-elementor/assets/css/grid.min6c2d.css]
[munich.qodeinteractive.com/wp-content/plugins/qi-addons-for-elementor/assets/css/helper-parts.min6c2d.css]
[munich.qodeinteractive.com/wp-content/plugins/munich-core/assets/plugins/perfect-scrollbar/perfect-scrollbar6c2d.css]
[munich.qodeinteractive.com/wp-content/plugins/qi-addons-for-elementor/assets/css/main.min6c2d.css]
[munich.qodeinteractive.com/wp-content/themes/munich/assets/css/main.min6c2d.css]
[munich.qodeinteractive.com/wp-content/plugins/munich-core/assets/css/munich-core.min6c2d.css]
[munich.qodeinteractive.com/wp-content/themes/munich/assets/css/grid.min6c2d.css]
[munich.qodeinteractive.com/wp-content/themes/munich/style6c2d.css]
[munich.qodeinteractive.com/wp-content/uploads/2022/06/fs-menu-bg-img.png]
[munich.qodeinteractive.com/wp-content/plugins/munich-core/inc/plugins/elementor/assets/css/elementor.min6c2d.css]
[munich.qodeinteractive.com/wp-content/plugins/elementor/assets/lib/eicons/css/elementor-icons.min91ce.css]
[munich.qodeinteractive.com/wp-content/uploads/elementor/css/custom-frontend-lite.min199b.css]
[munich.qodeinteractive.com/wp-content/uploads/elementor/css/post-550e8.css]
[munich.qodeinteractive.com/wp-content/uploads/elementor/css/post-2309d074.css]
[munich.qodeinteractive.com/wp-content/plugins/qode-zendesk-chat/assets/main6c2d.css]
[munich.qodeinteractive.com/wp-includes/js/jquery/jquery.minf43b.js]
[munich.qodeinteractive.com/wp-includes/js/jquery/jquery-migrate.min5589.js]
[munich.qodeinteractive.com/wp-content/uploads/2022/06/favicon.png]
[munich.qodeinteractive.com/wp-content/uploads/2022/03/logo-main.png]
[munich.qodeinteractive.com/wp-content/uploads/2022/03/logo-light.png]
[munich.qodeinteractive.com/wp-content/uploads/2022/04/logo-mobile.png]
[munich.qodeinteractive.com/wp-content/uploads/2022/03/split-home-img1.png]
[munich.qodeinteractive.com/wp-content/uploads/2022/03/split-home-img3.png]
[munich.qodeinteractive.com/wp-content/uploads/2022/03/split-home-img5.png]
[munich.qodeinteractive.com/wp-content/uploads/2022/03/split-home-img2.png]
[munich.qodeinteractive.com/wp-content/uploads/2022/03/split-home-img4.png]
[munich.qodeinteractive.com/wp-content/uploads/2022/03/logo-side-area.png]
[munich.qodeinteractive.com/cdn-cgi/scripts/5c5dd728/cloudflare-static/email-decode.min.js]
[munich.qodeinteractive.com/wp-content/plugins/munich-core/inc/shortcodes/vertical-split-slider/assets/css/plugins/jquery.multiscroll6c2d.css]
[munich.qodeinteractive.com/wp-content/plugins/revslider/public/assets/css/rs60660.css]
[munich.qodeinteractive.com/wp-content/plugins/contact-form-7/includes/swv/js/index77e1.js]
[munich.qodeinteractive.com/wp-content/plugins/contact-form-7/includes/js/index77e1.js]
[export.qodethemes.com/_toolbar/assets/js/rbt-modules6c2d.js]
[munich.qodeinteractive.com/wp-content/plugins/revslider/public/assets/js/rbtools.min0660.js]
[munich.qodeinteractive.com/wp-content/plugins/woocommerce/assets/js/jquery-blockui/jquery.blockUI.mindc32.js]
[munich.qodeinteractive.com/wp-content/plugins/woocommerce/assets/js/frontend/add-to-cart.min823d.js]
[munich.qodeinteractive.com/wp-content/plugins/revslider/public/assets/js/rs6.min0660.js]
[munich.qodeinteractive.com/wp-content/plugins/woocommerce/assets/js/js-cookie/js.cookie.minc599.js]
[munich.qodeinteractive.com/wp-content/plugins/woocommerce/assets/js/frontend/woocommerce.min823d.js]
[munich.qodeinteractive.com/wp-content/plugins/woocommerce/assets/js/frontend/cart-fragments.min823d.js]
[munich.qodeinteractive.com/wp-includes/js/jquery/ui/core.minb37e.js]
[munich.qodeinteractive.com/wp-content/plugins/qi-addons-for-elementor/assets/js/main.min6c2d.js]
[munich.qodeinteractive.com/wp-content/plugins/munich-core/assets/plugins/perfect-scrollbar/perfect-scrollbar.jquery.min6c2d.js]
[munich.qodeinteractive.com/wp-includes/js/hoverIntent.min3e5a.js]
[munich.qodeinteractive.com/wp-content/plugins/munich-core/assets/plugins/modernizr/modernizr6c2d.js]
[munich.qodeinteractive.com/wp-content/plugins/qi-addons-for-elementor/inc/shortcodes/parallax-images/assets/js/plugins/jquery.parallax-scroll68b3.js]
[munich.qodeinteractive.com/wp-content/plugins/munich-core/assets/plugins/gsap/ScrollTrigger.min6c2d.js]
[munich.qodeinteractive.com/wp-content/themes/munich/assets/js/main.min6c2d.js]
[munich.qodeinteractive.com/wp-includes/js/underscore.min3ab8.js]
[munich.qodeinteractive.com/wp-content/plugins/munich-core/inc/maps/assets/js/custom-marker6c2d.js]
[munich.qodeinteractive.com/wp-content/plugins/munich-core/inc/maps/assets/js/markerclusterer6c2d.js]
[munich.qodeinteractive.com/wp-content/plugins/munich-core/inc/maps/assets/js/google-map6c2d.js]
[munich.qodeinteractive.com/wp-content/plugins/munich-core/assets/js/munich-core.min6c2d.js]
[munich.qodeinteractive.com/wp-content/plugins/qi-addons-for-elementor/assets/plugins/swiper/swiper.min6c2d.js]
[munich.qodeinteractive.com/wp-content/themes/munich/assets/plugins/gsap/gsap.min6c2d.js]
[munich.qodeinteractive.com/wp-content/themes/munich/assets/plugins/gsap/MorphSVGPlugin.min6c2d.js]
[munich.qodeinteractive.com/wp-content/themes/munich/assets/plugins/gsap/DrawSVGPlugin.min6c2d.js]
[munich.qodeinteractive.com/wp-content/plugins/woocommerce/assets/js/select2/select2.full.min8d46.js]
[static.zdassets.com/ekr/snippet10f3.js]
[munich.qodeinteractive.com/wp-includes/js/jquery/ui/effect.minb37e.js]
[munich.qodeinteractive.com/wp-content/plugins/munich-core/inc/shortcodes/vertical-split-slider/assets/js/plugins/jquery.multiscroll.min68b3.js]
[munich.qodeinteractive.com/wp-content/plugins/elementor/assets/js/webpack.runtime.min3621.js]
[munich.qodeinteractive.com/wp-content/plugins/elementor/assets/js/frontend-modules.min3621.js]
[munich.qodeinteractive.com/wp-content/plugins/elementor/assets/lib/waypoints/waypoints.min05da.js]
[munich.qodeinteractive.com/wp-content/plugins/elementor/assets/js/frontend.min3621.js]
[munich.qodeinteractive.com/wp-includes/js/dist/hooks.min4fdd.js]
[munich.qodeinteractive.com/wp-includes/js/dist/i18n.minc33c.js]
[munich.qodeinteractive.com/wp-content/plugins/qi-addons-for-elementor/inc/plugins/elementor/assets/js/elementor6c2d.js]
[munich.qodeinteractive.com/divided-slider/index.html]
[munich.qodeinteractive.com/wp-content/plugins/instagram-feed/css/sbi-styles.mind42d.css]
[munich.qodeinteractive.com/wp-content/plugins/munich-core/inc/icons/dripicons/assets/css/dripicons.min6c2d.css]
[munich.qodeinteractive.com/wp-content/plugins/munich-core/inc/icons/elegant-icons/assets/css/elegant-icons.min6c2d.css]
[munich.qodeinteractive.com/wp-content/plugins/munich-core/inc/icons/font-awesome/assets/css/all.min6c2d.css]
[munich.qodeinteractive.com/wp-content/plugins/munich-core/inc/icons/fontkiko/assets/css/kiko-all.min6c2d.css]
[munich.qodeinteractive.com/wp-content/plugins/munich-core/inc/icons/ionicons/assets/css/ionicons.min6c2d.css]
[munich.qodeinteractive.com/wp-content/plugins/munich-core/inc/icons/linea-icons/assets/css/linea-icons.min6c2d.css]
[munich.qodeinteractive.com/wp-content/plugins/munich-core/inc/icons/linear-icons/assets/css/linear-icons.min6c2d.css]
[munich.qodeinteractive.com/wp-content/plugins/munich-core/inc/icons/simple-line-icons/assets/css/simple-line-icons.min6c2d.css]
[munich.qodeinteractive.com/wp-includes/css/dist/block-library/style.min6c2d.css]
[munich.qodeinteractive.com/wp-content/plugins/woocommerce/packages/woocommerce-blocks/build/wc-blocks-vendors-style2ff6.css]
[munich.qodeinteractive.com/wp-content/plugins/woocommerce/packages/woocommerce-blocks/build/wc-blocks-style2ff6.css]
[munich.qodeinteractive.com/wp-content/plugins/contact-form-7/includes/css/styles77e1.css]
[munich.qodeinteractive.com/wp-content/plugins/custom-twitter-feeds/css/ctf-styles.minb95e.css]
[export.qodethemes.com/_toolbar/assets/css/rbt-modules6c2d.css]
[munich.qodeinteractive.com/wp-content/plugins/qi-addons-for-elementor/assets/plugins/swiper/swiper.min6c2d.css]
[munich.qodeinteractive.com/wp-content/plugins/qi-addons-for-elementor/assets/css/grid.min6c2d.css]
[munich.qodeinteractive.com/wp-content/plugins/qi-addons-for-elementor/assets/css/helper-parts.min6c2d.css]
[munich.qodeinteractive.com/wp-content/plugins/qi-addons-for-elementor/assets/css/main.min6c2d.css]
[munich.qodeinteractive.com/wp-content/plugins/munich-core/assets/plugins/perfect-scrollbar/perfect-scrollbar6c2d.css]
[munich.qodeinteractive.com/wp-content/themes/munich/assets/css/main.min6c2d.css]
[munich.qodeinteractive.com/wp-content/plugins/munich-core/assets/css/munich-core.min6c2d.css]
[munich.qodeinteractive.com/wp-content/themes/munich/assets/css/grid.min6c2d.css]
[munich.qodeinteractive.com/wp-content/themes/munich/style6c2d.css]
[munich.qodeinteractive.com/wp-content/plugins/munich-core/inc/plugins/elementor/assets/css/elementor.min6c2d.css]
[munich.qodeinteractive.com/wp-content/plugins/elementor/assets/lib/eicons/css/elementor-icons.min91ce.css]
[munich.qodeinteractive.com/wp-content/uploads/elementor/css/custom-frontend-lite.min199b.css]
[munich.qodeinteractive.com/wp-content/uploads/elementor/css/post-550e8.css]
[munich.qodeinteractive.com/wp-content/uploads/elementor/css/post-2309d074.css]
[munich.qodeinteractive.com/wp-content/plugins/qode-zendesk-chat/assets/main6c2d.css]
[www.googletagmanager.com/gtm5445.html]
[munich.qodeinteractive.com/wp-content/plugins/munich-core/inc/shortcodes/vertical-split-slider/assets/css/plugins/jquery.multiscroll6c2d.css]
[munich.qodeinteractive.com/wp-content/plugins/munich-core/inc/plugins/elementor/assets/js/elementor.min6c2d.js]
[munich.qodeinteractive.com/wp-content/plugins/revslider/public/assets/assets/gridtile.png]
[munich.qodeinteractive.com/wp-content/plugins/revslider/public/assets/assets/gridtile_white.png]
[munich.qodeinteractive.com/wp-content/plugins/revslider/public/assets/assets/gridtile_3x3.png]
[munich.qodeinteractive.com/wp-content/plugins/revslider/public/assets/assets/gridtile_3x3_white.png]
[munich.qodeinteractive.com/wp-content/plugins/revslider/public/assets/assets/coloredbg.png]
[munich.qodeinteractive.com/wp-content/plugins/revslider/public/assets/assets/loader.gif]
[munich.qodeinteractive.com/wp-content/plugins/revslider/public/assets/css/rs60660.css]
[munich.qodeinteractive.com/wp-content/plugins/revslider/public/assets/css/openhand.html]
[munich.qodeinteractive.com/wp-content/plugins/revslider/public/assets/css/closedhand.html]
